\BOOKMARK [1][-]{section*.1}{\376\377\144\130\211\201}{}% 1
\BOOKMARK [1][-]{section*.2}{\376\377\0001\000.\000\040\230\171\166\356\200\314\146\157\116\016\141\017\116\111}{}% 2
\BOOKMARK [2][-]{subsection*.3}{\376\377\0001\000.\0001\000\040\170\024\172\166\200\314\146\157\116\016\225\356\230\230\133\232\116\111}{section*.2}% 3
\BOOKMARK [1][-]{section*.8}{\376\377\0002\000.\000\040\142\200\147\057\145\271\150\110\116\016\133\236\163\260}{}% 4
\BOOKMARK [2][-]{subsection*.9}{\376\377\0002\000.\0001\000\040\145\160\143\156\226\306\116\016\133\236\232\214\213\276\213\241}{section*.8}% 5
\BOOKMARK [2][-]{subsection*.13}{\376\377\0002\000.\0002\000\040\136\372\173\121\215\037\203\167\230\204\155\113\145\271\154\325}{section*.8}% 6
\BOOKMARK [2][-]{subsection*.17}{\376\377\0002\000.\0003\000\040\120\250\200\375\122\112\134\360\117\030\123\026\152\041\127\213}{section*.8}% 7
\BOOKMARK [2][-]{subsection*.21}{\376\377\0002\000.\0004\000\040\116\316\230\204\155\113\213\357\135\356\122\060\121\263\173\126\213\357\135\356}{section*.8}% 8
\BOOKMARK [2][-]{subsection*.22}{\376\377\0002\000.\0005\000\040\000D\000O\000E\000F\377\032\227\142\124\021\120\250\200\375\121\263\173\126\166\204\230\204\155\113\207\215\124\010\145\271\154\325}{section*.8}% 9
\BOOKMARK [1][-]{section*.26}{\376\377\0003\000.\000\040\133\236\232\214\176\323\147\234\116\016\122\006\147\220}{}% 10
\BOOKMARK [2][-]{subsection*.27}{\376\377\0003\000.\0001\000\040\230\204\155\113\134\102\176\323\147\234}{section*.26}% 11
\BOOKMARK [2][-]{subsection*.28}{\376\377\0003\000.\0002\000\040\121\263\173\126\134\102\176\323\147\234}{section*.26}% 12
\BOOKMARK [2][-]{subsection*.29}{\376\377\0003\000.\0003\000\040\131\032\136\372\173\121\172\063\120\145\140\047}{section*.26}% 13
\BOOKMARK [2][-]{subsection*.30}{\376\377\0003\000.\0004\000\040\232\214\213\301\226\306\220\011\142\351\116\016\155\113\213\325\226\306\213\304\116\367}{section*.26}% 14
\BOOKMARK [2][-]{subsection*.31}{\376\377\0003\000.\0005\000\040\121\273\176\323\176\323\147\234\131\015\165\050\116\016\123\357\131\015\163\260\140\047}{section*.26}% 15
\BOOKMARK [1][-]{section*.32}{\376\377\0004\000.\000\040\122\033\145\260\160\271\116\016\136\224\165\050\122\115\146\157}{}% 16
\BOOKMARK [2][-]{subsection*.33}{\376\377\0004\000.\0001\000\040\122\033\145\260\160\271}{section*.32}% 17
\BOOKMARK [2][-]{subsection*.34}{\376\377\0004\000.\0002\000\040\135\345\172\013\116\367\120\074}{section*.32}% 18
\BOOKMARK [2][-]{subsection*.35}{\376\377\0004\000.\0003\000\040\134\100\226\120\140\047\060\001\117\046\164\006\230\316\226\151\116\016\147\052\147\145\135\345\117\134}{section*.32}% 19
\BOOKMARK [1][-]{section*.36}{\376\377\0005\000.\000\040\176\323\213\272}{}% 20
\BOOKMARK [1][-]{section*.37}{\376\377\123\302\200\003\145\207\163\056}{}% 21
\BOOKMARK [1][-]{section*.38}{\376\377\226\104\137\125\000\040\000A\377\032\150\070\137\303\213\301\143\156\147\145\156\220}{}% 22
